╭───╮     ╭───╮     ╭───╮     ╭─────╮
│ a ├○┬──▶┤NOT├○╮ ╭▶┤   │ ╭──▶┤ out │
╰───╯ │   ╰───╯ │ │ │AND├○╯   ╰─────╯
      ├─────────┴─┴▶┤   │            
      │             ╰───╯            
      │                              
╭───╮ │                              
│ b ├○╯                              
╰───╯                                
