◀──────╮  ╭───╮     ╭───╮     ╭───╮     ╭───╮     ╭─────╮
│ a ├○─┼─▶┤NOT├○───▶┤   │ ╭──▶┤NOT├○───▶─────────▶┤ out │
╰───╯  │  ╰───╯     │AND├○╯   ╰───╯     │AND├○●   ╰─────╯
       │         ╭─▶┤   │ ╭────────────▶┤   │ │          
       │         │  ╰───╯ │             ╰───╯ │          
       │         │        │                   │          
◀─────╮│  ╭───╮  │  ╭───╮ │                   │   ╭─────╮
│ b ├○┼┼─▶┤NOT├○┼┼─▶┤NOT├○●                   ●──▶┤ out │
╰───╯ ││  ╰───╯ │   ╰───╯ │                   │   ╰─────╯
      ││        │         │                   │          
╭───╮ ││  ╭───╮ │         │                   │   ╭─────╮
│ a ├○┼┼─▶╮   │ │         │                   ╰──▶┤ out │
╰───╯ ││ ││AND├○╯         │                       ╰─────╯
      ││╭▶│   │           │                              
      │││││───╯           │                              
      │││││               │                              
◀─────┼●│││               │                       ╭─────╮
│ a ├○┼●┼╯│               ╰──────────────────────▶┤ out │
╰───╯ │││ │                                       ╰─────╯
      │││ │                                              
◀─────●││ │                                              
│ b ├○●●╯ │                                              
╰───╯ ││  │                                              
      ││  │                                              
╭───╮ ││  │                                              
│ b ├○┼┼╮ │                                              
╰───╯ │││ │                                              
      │││ │                                              
◀─────┼┼┼─╯                                              
│ a ├○●●│                                                
╰───╯ │ │                                                
      │ │                                                
◀─────┼─╯                                                
│ b ├○●                                                  
╰───╯                                                    
