╭───╮     ╭───╮     ╭───╮     ╭───╮     ╭───╮     ╭─────╮
│ a ├○─●─▶┤NOT├○───▶┤   │ ╭──▶┤NOT├○───▶┤   │ ╭──▶┤ out │
╰───╯  │  ╰───╯     │AND├○╯   ╰───╯     │AND├○╯   ╰─────╯
       │         ╭─▶┤   │ ╭────────────▶┤   │            
       │         │  ╰───╯ │             ╰───╯            
       │         │        │                              
╭───╮  │  ╭───╮  │  ╭───╮ │                              
│ b ├○●┼─▶┤NOT├○─┼─▶┤NOT├○╯                              
╰───╯ ││  ╰───╯  │  ╰───╯                                
      ││         │                                       
      ││  ╭───╮  │                                       
      │╰─▶┤   │  │                                       
      │   │AND├○─╯                                       
      ╰──▶┤   │                                          
          ╰───╯                                          
