◀──────╮  ╭───╮     ╭───╮     ╭───╮     ╭───╮     ╭───╮     ╭─────╮
│ a ├○─┼─▶┤NOT├○───▶┤   │ ╭──▶┤NOT├○───▶──────┼──▶─────○┼──▶┤ out │
╰───╯  │  ╰───╯     │AND├○╯   ╰───╯     │AND├○●   ╰───╯ │   ╰─────╯
       │         ╭─▶┤   │ ╭────────────▶┤   │ │         │          
       │         │  ╰───╯ │             ╰───╯ │         │          
       │         │        │                   │         │          
◀─────╮│  ╭───╮  │  ╭───╮ │                   │         │   ╭─────╮
│ b ├○┼┼─▶┤NOT├○┼┼─▶┤NOT├○●                   ╰─────────┼──▶┤ out │
╰───╯ ││  ╰───╯ │   ╰───╯ │                             │   ╰─────╯
      ││        │         │                             │          
╭───╮ ││  ╭───╮ │         │                             │   ╭─────╮
│ a ├○┼┼─▶╮   │ │         │                             ●──▶┤ out │
╰───╯ ││ ││AND├○╯         │                             │   ╰─────╯
      ││╭▶│   │           │                             │          
      │││││───╯           │                             │          
      │││││               │                             │          
◀─────┼●│││               │                             │   ╭─────╮
│ a ├○┼●┼╯│               │                             ╰──▶┤ out │
╰───╯ │││ │               │                                 ╰─────╯
      │││ │               │                                        
◀─────●││ │               │                                 ╭─────╮
│ b ├○●●╯ │               ╰────────────────────────────────▶┤ out │
╰───╯ ││  │                                                 ╰─────╯
      ││  │                                                        
╭───╮ ││  │                                                        
│ b ├○┼┼╮ │                                                        
╰───╯ │││ │                                                        
      │││ │                                                        
◀─────┼┼┼─╯                                                        
│ a ├○┼┼┼╮                                                         
╰───╯ ││││                                                         
      ││││                                                         
◀─────┼┼╯│                                                         
│ b ├○┼┼╮│                                                         
╰───╯ ││││                                                         
      ││││                                                         
◀─────┼┼┼╯                                                         
│ a ├○●●│                                                          
╰───╯ │ │                                                          
      │ │                                                          
◀─────┼─╯                                                          
│ b ├○●                                                            
╰───╯                                                              
