╭───╮     ╭───╮     ╭───╮                                          
│ a ├○●──▶┤NOT├○───▶┤   │     ╭───╮     ╭───╮                      
╰───╯ │   ╰───╯     │AND├○───▶┤NOT├○───▶┤   │     ╭───╮     ╭─────╮
      │         ╭──▶┤   │     ╰───╯     │AND├○───▶┤NOT├○───▶┤ out │
╭───╮ │   ╭───╮ │   ╰───╯           ╭──▶┤   │     ╰───╯     ╰─────╯
│ b ├○┼●─▶┤NOT├○╯                   │   ╰───╯                      
╰───╯ ││  ╰───╯                     │                              
      ││                            │                              
      ││  ╭───╮                     │                              
      ╰┼─▶┤   │     ╭───╮           │                              
       │  │AND├○───▶┤NOT├○──────────╯                              
       ╰─▶┤   │     ╰───╯                                          
          ╰───╯                                                    
