╭───╮     ╭───╮     ╭───╮                                
│ a ├○●──▶┤NOT├○───▶┤   │     ╭───╮     ╭───╮            
╰───╯ │   ╰───╯     │AND├○───▶┤NOT├○───▶┤   │     ╭─────╮
      │         ╭──▶┤   │     ╰───╯     │AND├○───▶┤ out │
╭───╮ │   ╭───╮ │   ╰───╯           ╭──▶┤   │     ╰─────╯
│ b ├○┼●─▶┤NOT├○╯                   │   ╰───╯            
╰───╯ ││  ╰───╯                     │                    
      ││                            │                    
      ││  ╭───╮                     │                    
      ╰┼─▶┤   │     ╭───╮           │                    
       │  │AND├○───▶┤NOT├○──────────╯                    
       ╰─▶┤   │     ╰───╯                                
          ╰───╯                                          
