╭───╮                                                                                               
│ a ├●──╮                                                                                           
╰───╯   │                                                                                           
        │                                                                                           
╭───╮   │                                                                                           
│ b ├●──●╮                                                                                          
╰───╯   ││                                                                                          
        ││                                                                                          
╭─────╮ ││  ╭───╮                                                                                   
│ cin ├●●●●▶┤NOT├○──────────────────────────────╮                                                   
╰─────╯ │││ ╰───╯                               │                                                   
        │││                                     │                                                   
        │││ ╭───╮     ╭───╮                     │                                                   
        ●┼┼▶┤NOT├○───▶┤   │     ╭───╮     ╭───╮ │                                                   
        │││ ╰───╯     │AND├○───▶┤NOT├○───▶┤   │ │   ╭───╮     ╭───╮                                 
        │││       ╭──▶┤   │     ╰───╯     │AND├●●●─▶┤NOT├○───▶┤   │     ╭───╮     ╭───╮             
        │││ ╭───╮ │   ╰───╯           ╭──▶┤   │ ││  ╰───╯     │AND├○───▶┤NOT├○───▶┤   │     ╭─────╮ 
        │●┼▶┤NOT├○╯                   │   ╰───╯ ╰●───────────▶┤   │     ╰───╯     │AND├○───▶┤ sum │ 
        │││ ╰───╯                     │          │            ╰───╯           ╭──▶┤   │     ╰─────╯ 
        │││                           │          │  ╭───╮                     │   ╰───╯             
        │││ ╭───╮                     │          ●─▶┤   │     ╭───╮           │                     
        ●┼┼▶┤   │     ╭───╮           │          │  │AND├○───▶┤NOT├○──────────╯                     
        │││ │AND├○───▶┤NOT├○──────────╯         ╭┼─▶┤   │     ╰───╯                                 
        │●┼▶┤   │     ╰───╯                     ││  ╰───╯                                           
        │││ ╰───╯                               ││                                                  
        │││                                     ││                                                  
        │││ ╭───╮                               ││                                                  
        ╰┼┼▶┤   │                               ││                                                  
         ││ │AND├○╮                             ││                                                  
         ╰┼▶┤   │ │                             ││                                                  
          │ ╰───╯ │                             ││                                                  
          ●───────┼─────────────────────────────╯│                                                  
          │       │   ╭───╮                      │                      ╭───╮                       
          │       ╰──▶┤NOT├○─────────────────────┼─────────────────────▶┤   │     ╭───╮     ╭──────╮
          │           ╰───╯                      │  ╭───╮               │AND├○───▶┤NOT├○───▶┤ cout │
          ╰─────────────────────────────────────╮╰─▶┤   │     ╭───╮ ╭──▶┤   │     ╰───╯     ╰──────╯
                                                │   │AND├○───▶┤NOT├○╯   ╰───╯                       
                                                ╰──▶┤   │     ╰───╯                                 
                                                    ╰───╯                                           
