╭───╮       ╭───╮     ╭───╮     ╭───╮     ╭───╮     ╭───╮     ╭───╮     ╭───╮     ╭───╮     ╭─────╮ 
│ a ├●──●──▶┤NOT├○┬┬─▶┤   │ ╭──▶┤NOT├○───▶┤   │ ╭──▶┤NOT├○───▶┤   │  ╭─▶┤NOT├○───▶┤   │  ╭─▶┤ sum │ 
╰───╯   │   ╰───╯ ││  │AND├○╯   ╰───╯     │AND├●●   ╰───╯     │AND├○─╯  ╰───╯     │AND├○─╯  ╰─────╯ 
        │         │├─▶┤   │ ╭────────────▶┤   │ │           ╭▶┤   │  ╭───────────▶┤   │             
        │         ││  ╰───╯ │             ╰───╯ │           │ ╰───╯  │            ╰───╯             
        │         │├────────┼───────────────────●───────────╯        │                              
╭───╮   │   ╭───╮ ││  ╭───╮ │                   │   ╭───╮     ╭───╮  │  ╭───╮     ╭───╮     ╭──────╮
│ b ├●─●●──▶┤NOT├○╯│╭▶┤NOT├○╯                   ●──▶┤   │  ╭─▶┤NOT├○─╯╭▶┤   │  ╭─▶┤NOT├○───▶┤ cout │
╰───╯  ││   ╰───╯  ││ ╰───╯                     │   │AND├○─╯  ╰───╯   │ │AND├○─╯  ╰───╯     ╰──────╯
       │●──────────┼┼───────────────────────────┼──▶┤   │           ╭─┼▶┤   │                       
       ││          ││                           │   ╰───╯           │ │ ╰───╯                       
       ││          ││       ╭───────────────────┼───────────────────┼─╯                             
╭─────╮││   ╭───╮  ││ ╭───╮ │                   │   ╭───╮     ╭───╮ │                               
│ cin ├●●──▶┤NOT├○─╯├▶┤NOT├○╯                   ╰──▶┤   │   ╭▶┤NOT├○╯                               
╰─────╯││   ╰───╯   │ ╰───╯                         │AND├○──╯ ╰───╯                                 
       │●───────────┼──────────────────────────────▶┤   │                                           
       ││           │                               ╰───╯                                           
       ││           │                                                                               
       ││   ╭───╮   │                                                                               
       │●──▶┤   │   │                                                                               
       ││   │AND├○──┤                                                                               
       ●┼──▶┤   │   │                                                                               
       ││   ╰───╯   │                                                                               
       ││           │                                                                               
       ││   ╭───╮   │                                                                               
       │╰──▶┤   │   │                                                                               
       │    │AND├○──╯                                                                               
       ╰───▶┤   │                                                                                   
            ╰───╯                                                                                   
