╭─────╮     ╭───╮     ╭───╮     ╭───╮     ╭───╮     ╭───╮     ╭───╮     ╭───╮     ╭───╮     ╭─────╮ 
│ cin ├●┬──▶┤NOT├○───▶┤   │ ╭──▶┤NOT├○───▶┤   │ ╭──▶┤NOT├○───▶┤   │  ╭─▶┤NOT├○───▶┤   │  ╭─▶┤ sum │ 
╰─────╯││   ╰───╯     │AND├○╯   ╰───╯     │AND├●●   ╰───╯     │AND├○─╯  ╰───╯     │AND├○─╯  ╰─────╯ 
       ││          ╭─▶┤   │ ╭────────────▶┤   │ │           ╭▶┤   │  ╭───────────▶┤   │             
       ││          │  ╰───╯ │             ╰───╯ │           │ ╰───╯  │            ╰───╯             
       ││          │        │                   │           │        │                              
╭───╮  ││   ╭───╮  │  ╭───╮ │                   │   ╭───╮   │ ╭───╮  │  ╭───╮     ╭───╮     ╭──────╮
│ a ├●●●┼──▶┤NOT├○─╯╭▶┤NOT├○╯                   ●──▶┤   │  ╭┼▶┤NOT├○─╯╭▶┤   │  ╭─▶┤NOT├○───▶┤ cout │
╰───╯ │││   ╰───╯   │ ╰───╯                     │   │AND├○─╯│ ╰───╯   │ │AND├○─╯  ╰───╯     ╰──────╯
      ││●───────────┼───────────────────────────┼──▶┤   │   │       ╭─┼▶┤   │                       
      │││           │                           │   ╰───╯   │       │ │ ╰───╯                       
      │││           ├───────┬───────────────────┼───────────┴───────┼─╯                             
╭───╮ │││   ╭───╮   │ ╭───╮ │                   │   ╭───╮     ╭───╮ │                               
│ b ├●●│●──▶┤NOT├○──┼▶┤NOT├○╯                   ╰──▶┤   │   ╭▶┤NOT├○╯                               
╰───╯ │││   ╰───╯   │ ╰───╯                         │AND├○──╯ ╰───╯                                 
      ││╰───────────┼──────────────────────────────▶┤   │                                           
      ││            │                               ╰───╯                                           
      ││            │                                                                               
      ││    ╭───╮   │                                                                               
      │●───▶┤   │   │                                                                               
      ││    │AND├○──┤                                                                               
      ●┼───▶┤   │   │                                                                               
      ││    ╰───╯   │                                                                               
      ││            │                                                                               
      ││    ╭───╮   │                                                                               
      │╰───▶┤   │   │                                                                               
      │     │AND├○──╯                                                                               
      ╰────▶┤   │                                                                                   
            ╰───╯                                                                                   
