╭───────────╮      ╭───╮     ╭────────────╮ 
│ scalar_in ├○╮╭──▶┤NOT├○╮ ╭▶┤ scalar_out │ 
╰───────────╯ ││   ╰───╯ │ │ ╰────────────╯ 
              ╰┼─────────┼─╯                
╭────────────╮ │         │   ╭─────────────╮
│ wide_in[4] ├○╯         ╰──▶┤ wide_out[4] │
╰────────────╯               ╰─────────────╯
