╭───────────╮                ╭────────────╮ 
│ scalar_in ├○──────────────▶┤ scalar_out │ 
╰───────────╯                ╰────────────╯ 
                                            
╭────────────╮     ╭───╮     ╭─────────────╮
│ wide_in[4] ├○───▶┤NOT├○───▶┤ wide_out[4] │
╰────────────╯     ╰───╯     ╰─────────────╯
