╭──────╮     ╭───╮     ╭───────────╮
│ a[4] ├○───▶┤   │ ╭──▶┤ result[4] │
╰──────╯     │AND├○╯   ╰───────────╯
          ╭─▶┤   │                  
          │  ╰───╯                  
          │                         
╭──────╮  │                         
│ b[4] ├○─╯                         
╰──────╯                            
