╭──────╮     ╭───────────────╮             
│ a[4] ├○───▶┤               │             
╰──────╯     │               │             
          ╭─▶┤               │     ╭──────╮
╭──────╮  │  │ ram data[8,4] ├○───▶┤ q[8] │
│ d[8] ├○─┴─▶┤               │     ╰──────╯
╰──────╯│    │               │             
        ├───▶┤               │             
╭────╮  │    ╰───────────────╯             
│ we ├○─┤                                  
╰────╯  │                                  
        │                                  
╭─────╮ │                                  
│ clk ├○╯                                  
╰─────╯                                    
