╭──────╮     ╭───────────────╮     ╭──────╮
│ a[4] ├○───▶┤               │ ╭──▶┤ q[8] │
╰──────╯     │               │ │   ╰──────╯
          ╭─▶┤               │ │           
          │  │ ram data[8,4] ├○╯           
        ╭─┼─▶┤               │             
        │ │  │               │             
        ├─┼─▶┤               │             
        │ │  ╰───────────────╯             
        │ │                                
╭──────╮│ │                                
│ d[8] ├○─╯                                
╰──────╯│                                  
        │                                  
╭────╮  │                                  
│ we ├○─┤                                  
╰────╯  │                                  
        │                                  
╭─────╮ │                                  
│ clk ├○╯                                  
╰─────╯                                    
