╭───╮                     ╭───╮   
│ a ├○───────────────────▶┤LED│○─╮
╰───╯                     ╰───╯  │
                ╭───╮            │
╭───╮         ╭▶┤   │     ╭─────╮│
│ b ├○─╮      │ │AND├○───▶┤ out ││
╰───╯  ╰──────┼▶┤   │     ╰─────╯│
              │ ╰───╯            │
              ╰──────────────────╯
