| in0 | in1 | in2 | sel | out_a0 | out_a1 | out_a2 | out_b0 | out_b1 | out_b2 |
|-----|-----|-----|-----|--------|--------|--------|--------|--------|--------|
| 0   | 0   | 0   | 0   | 0      | 0      | 0      | 0      | 0      | 0      |
| 1   | 0   | 0   | 0   | 1      | 0      | 0      | 0      | 0      | 0      |
| 0   | 1   | 0   | 0   | 0      | 1      | 0      | 0      | 0      | 0      |
| 1   | 1   | 0   | 0   | 1      | 1      | 0      | 0      | 0      | 0      |
| 0   | 0   | 1   | 0   | 0      | 0      | 1      | 0      | 0      | 0      |
| 1   | 0   | 1   | 0   | 1      | 0      | 1      | 0      | 0      | 0      |
| 0   | 1   | 1   | 0   | 0      | 1      | 1      | 0      | 0      | 0      |
| 1   | 1   | 1   | 0   | 1      | 1      | 1      | 0      | 0      | 0      |
| 0   | 0   | 0   | 1   | 0      | 0      | 0      | 0      | 0      | 0      |
| 1   | 0   | 0   | 1   | 0      | 0      | 0      | 1      | 0      | 0      |
| 0   | 1   | 0   | 1   | 0      | 0      | 0      | 0      | 1      | 0      |
| 1   | 1   | 0   | 1   | 0      | 0      | 0      | 1      | 1      | 0      |
| 0   | 0   | 1   | 1   | 0      | 0      | 0      | 0      | 0      | 1      |
| 1   | 0   | 1   | 1   | 0      | 0      | 0      | 1      | 0      | 1      |
| 0   | 1   | 1   | 1   | 0      | 0      | 0      | 0      | 1      | 1      |
| 1   | 1   | 1   | 1   | 0      | 0      | 0      | 1      | 1      | 1      |
