| a0 | a1 | b0 | b1 | sel | out0 | out1 |
|----|----|----|----|-----|------|------|
| 0  | 0  | 0  | 0  | 0   | 0    | 0    |
| 1  | 0  | 0  | 0  | 0   | 1    | 0    |
| 0  | 1  | 0  | 0  | 0   | 0    | 1    |
| 1  | 1  | 0  | 0  | 0   | 1    | 1    |
| 0  | 0  | 1  | 0  | 0   | 0    | 0    |
| 1  | 0  | 1  | 0  | 0   | 1    | 0    |
| 0  | 1  | 1  | 0  | 0   | 0    | 1    |
| 1  | 1  | 1  | 0  | 0   | 1    | 1    |
| 0  | 0  | 0  | 1  | 0   | 0    | 0    |
| 1  | 0  | 0  | 1  | 0   | 1    | 0    |
| 0  | 1  | 0  | 1  | 0   | 0    | 1    |
| 1  | 1  | 0  | 1  | 0   | 1    | 1    |
| 0  | 0  | 1  | 1  | 0   | 0    | 0    |
| 1  | 0  | 1  | 1  | 0   | 1    | 0    |
| 0  | 1  | 1  | 1  | 0   | 0    | 1    |
| 1  | 1  | 1  | 1  | 0   | 1    | 1    |
| 0  | 0  | 0  | 0  | 1   | 0    | 0    |
| 1  | 0  | 0  | 0  | 1   | 0    | 0    |
| 0  | 1  | 0  | 0  | 1   | 0    | 0    |
| 1  | 1  | 0  | 0  | 1   | 0    | 0    |
| 0  | 0  | 1  | 0  | 1   | 1    | 0    |
| 1  | 0  | 1  | 0  | 1   | 1    | 0    |
| 0  | 1  | 1  | 0  | 1   | 1    | 0    |
| 1  | 1  | 1  | 0  | 1   | 1    | 0    |
| 0  | 0  | 0  | 1  | 1   | 0    | 1    |
| 1  | 0  | 0  | 1  | 1   | 0    | 1    |
| 0  | 1  | 0  | 1  | 1   | 0    | 1    |
| 1  | 1  | 0  | 1  | 1   | 0    | 1    |
| 0  | 0  | 1  | 1  | 1   | 1    | 1    |
| 1  | 0  | 1  | 1  | 1   | 1    | 1    |
| 0  | 1  | 1  | 1  | 1   | 1    | 1    |
| 1  | 1  | 1  | 1  | 1   | 1    | 1    |
