| a0 | a1 | a2 | b0 | b1 | b2 | out0 | out1 | out2 |
|----|----|----|----|----|----|------|------|------|
| 0  | 0  | 0  | 0  | 0  | 0  | 1    | 1    | 1    |
| 1  | 0  | 0  | 0  | 0  | 0  | 0    | 1    | 1    |
| 0  | 1  | 0  | 0  | 0  | 0  | 1    | 0    | 1    |
| 1  | 1  | 0  | 0  | 0  | 0  | 0    | 0    | 1    |
| 0  | 0  | 1  | 0  | 0  | 0  | 1    | 1    | 0    |
| 1  | 0  | 1  | 0  | 0  | 0  | 0    | 1    | 0    |
| 0  | 1  | 1  | 0  | 0  | 0  | 1    | 0    | 0    |
| 1  | 1  | 1  | 0  | 0  | 0  | 0    | 0    | 0    |
| 0  | 0  | 0  | 1  | 0  | 0  | 0    | 1    | 1    |
| 1  | 0  | 0  | 1  | 0  | 0  | 0    | 1    | 1    |
| 0  | 1  | 0  | 1  | 0  | 0  | 0    | 0    | 1    |
| 1  | 1  | 0  | 1  | 0  | 0  | 0    | 0    | 1    |
| 0  | 0  | 1  | 1  | 0  | 0  | 0    | 1    | 0    |
| 1  | 0  | 1  | 1  | 0  | 0  | 0    | 1    | 0    |
| 0  | 1  | 1  | 1  | 0  | 0  | 0    | 0    | 0    |
| 1  | 1  | 1  | 1  | 0  | 0  | 0    | 0    | 0    |
| 0  | 0  | 0  | 0  | 1  | 0  | 1    | 0    | 1    |
| 1  | 0  | 0  | 0  | 1  | 0  | 0    | 0    | 1    |
| 0  | 1  | 0  | 0  | 1  | 0  | 1    | 0    | 1    |
| 1  | 1  | 0  | 0  | 1  | 0  | 0    | 0    | 1    |
| 0  | 0  | 1  | 0  | 1  | 0  | 1    | 0    | 0    |
| 1  | 0  | 1  | 0  | 1  | 0  | 0    | 0    | 0    |
| 0  | 1  | 1  | 0  | 1  | 0  | 1    | 0    | 0    |
| 1  | 1  | 1  | 0  | 1  | 0  | 0    | 0    | 0    |
| 0  | 0  | 0  | 1  | 1  | 0  | 0    | 0    | 1    |
| 1  | 0  | 0  | 1  | 1  | 0  | 0    | 0    | 1    |
| 0  | 1  | 0  | 1  | 1  | 0  | 0    | 0    | 1    |
| 1  | 1  | 0  | 1  | 1  | 0  | 0    | 0    | 1    |
| 0  | 0  | 1  | 1  | 1  | 0  | 0    | 0    | 0    |
| 1  | 0  | 1  | 1  | 1  | 0  | 0    | 0    | 0    |
| 0  | 1  | 1  | 1  | 1  | 0  | 0    | 0    | 0    |
| 1  | 1  | 1  | 1  | 1  | 0  | 0    | 0    | 0    |
| 0  | 0  | 0  | 0  | 0  | 1  | 1    | 1    | 0    |
| 1  | 0  | 0  | 0  | 0  | 1  | 0    | 1    | 0    |
| 0  | 1  | 0  | 0  | 0  | 1  | 1    | 0    | 0    |
| 1  | 1  | 0  | 0  | 0  | 1  | 0    | 0    | 0    |
| 0  | 0  | 1  | 0  | 0  | 1  | 1    | 1    | 0    |
| 1  | 0  | 1  | 0  | 0  | 1  | 0    | 1    | 0    |
| 0  | 1  | 1  | 0  | 0  | 1  | 1    | 0    | 0    |
| 1  | 1  | 1  | 0  | 0  | 1  | 0    | 0    | 0    |
| 0  | 0  | 0  | 1  | 0  | 1  | 0    | 1    | 0    |
| 1  | 0  | 0  | 1  | 0  | 1  | 0    | 1    | 0    |
| 0  | 1  | 0  | 1  | 0  | 1  | 0    | 0    | 0    |
| 1  | 1  | 0  | 1  | 0  | 1  | 0    | 0    | 0    |
| 0  | 0  | 1  | 1  | 0  | 1  | 0    | 1    | 0    |
| 1  | 0  | 1  | 1  | 0  | 1  | 0    | 1    | 0    |
| 0  | 1  | 1  | 1  | 0  | 1  | 0    | 0    | 0    |
| 1  | 1  | 1  | 1  | 0  | 1  | 0    | 0    | 0    |
| 0  | 0  | 0  | 0  | 1  | 1  | 1    | 0    | 0    |
| 1  | 0  | 0  | 0  | 1  | 1  | 0    | 0    | 0    |
| 0  | 1  | 0  | 0  | 1  | 1  | 1    | 0    | 0    |
| 1  | 1  | 0  | 0  | 1  | 1  | 0    | 0    | 0    |
| 0  | 0  | 1  | 0  | 1  | 1  | 1    | 0    | 0    |
| 1  | 0  | 1  | 0  | 1  | 1  | 0    | 0    | 0    |
| 0  | 1  | 1  | 0  | 1  | 1  | 1    | 0    | 0    |
| 1  | 1  | 1  | 0  | 1  | 1  | 0    | 0    | 0    |
| 0  | 0  | 0  | 1  | 1  | 1  | 0    | 0    | 0    |
| 1  | 0  | 0  | 1  | 1  | 1  | 0    | 0    | 0    |
| 0  | 1  | 0  | 1  | 1  | 1  | 0    | 0    | 0    |
| 1  | 1  | 0  | 1  | 1  | 1  | 0    | 0    | 0    |
| 0  | 0  | 1  | 1  | 1  | 1  | 0    | 0    | 0    |
| 1  | 0  | 1  | 1  | 1  | 1  | 0    | 0    | 0    |
| 0  | 1  | 1  | 1  | 1  | 1  | 0    | 0    | 0    |
| 1  | 1  | 1  | 1  | 1  | 1  | 0    | 0    | 0    |
