LayoutGrid 57x15

Components:
  [0] input_pin "a" @(0,0) 5x3
  [1] input_pin "b" @(0,6) 5x3
  [6] not_gate "na" @(10,0) 5x3
  [7] not_gate "nb" @(10,6) 5x3
  [8] and_gate "inner" @(20,0) 5x5
  [9] not_gate "n" @(30,0) 5x3
  [13] and_gate "inner" @(10,10) 5x5
  [14] not_gate "n" @(20,6) 5x3
  [16] and_gate "gate" @(40,0) 5x5
  [18] output_pin "out" @(50,0) 7x3

Wires:
  0.out -> 6.in: (5,1) -> (7,1) -> (9,1)
  0.out -> 13.a: (5,1) -> (7,1) -> (7,11) -> (9,11)
  1.out -> 7.in: (5,7) -> (6,7) -> (9,7)
  1.out -> 13.b: (5,7) -> (6,7) -> (6,13) -> (9,13)
  6.out -> 8.a: (15,1) -> (16,1) -> (19,1)
  7.out -> 8.b: (15,7) -> (17,7) -> (17,3) -> (19,3)
  8.out -> 9.in: (25,2) -> (26,2) -> (26,1) -> (29,1)
  9.out -> 16.a: (35,1) -> (36,1) -> (39,1)
  13.out -> 14.in: (15,12) -> (17,12) -> (17,7) -> (19,7)
  14.out -> 16.b: (25,7) -> (26,7) -> (26,3) -> (39,3)
  16.out -> 18.in: (45,2) -> (46,2) -> (46,1) -> (49,1)

Crossings:
  wire 0.out->6.in @(7,1)
  wire 0.out->6.in @(7,1)
  wire 0.out->13.a @(7,1)
  wire 0.out->13.a @(7,1)
  wire 0.out->13.a @(7,7)
  wire 1.out->7.in @(7,7)
  wire 1.out->7.in @(6,7)
  wire 1.out->7.in @(6,7)
  wire 1.out->13.b @(6,7)
  wire 1.out->13.b @(6,7)
  wire 7.out->8.b @(17,7)
  wire 7.out->8.b @(17,7)
  wire 13.out->14.in @(17,7)
  wire 13.out->14.in @(17,7)
