LayoutGrid 67x13

Components:
  [0] input_pin "a" @(0,0) 5x3
  [1] input_pin "b" @(0,4) 5x3
  [2] output_pin "out" @(60,2) 7x3
  [5] not_gate "n" @(50,2) 5x3
  [9] and_gate "gate" @(40,1) 5x5
  [13] not_gate "na" @(10,0) 5x3
  [14] not_gate "nb" @(10,4) 5x3
  [15] and_gate "inner" @(20,0) 5x5
  [16] not_gate "n" @(30,1) 5x3
  [20] and_gate "inner" @(10,8) 5x5
  [21] not_gate "n" @(20,9) 5x3

Wires:
  0.out -> 13.in: (5,1) -> (9,1)
  0.out -> 20.a: (5,1) -> (6,1) -> (6,9) -> (9,9)
  1.out -> 14.in: (5,5) -> (9,5)
  1.out -> 20.b: (5,5) -> (7,5) -> (7,11) -> (9,11)
  5.out -> 2.in: (55,3) -> (59,3)
  9.out -> 5.in: (45,3) -> (49,3)
  13.out -> 15.a: (15,1) -> (19,1)
  14.out -> 15.b: (15,5) -> (16,5) -> (16,3) -> (19,3)
  15.out -> 16.in: (25,2) -> (29,2)
  16.out -> 9.a: (35,2) -> (39,2)
  20.out -> 21.in: (15,10) -> (19,10)
  21.out -> 9.b: (25,10) -> (36,10) -> (36,4) -> (39,4)

Crossings:
  wire 0.out->13.in @(6,1)
  wire 0.out->20.a @(6,1)
  wire 0.out->20.a @(6,5)
  wire 0.out->20.a @(7,9)
  wire 1.out->14.in @(6,5)
  wire 1.out->14.in @(7,5)
  wire 1.out->20.b @(6,5)
  wire 1.out->20.b @(7,5)
  wire 1.out->20.b @(7,9)
