LayoutGrid 57x13

Components:
  [0] input_pin "a" @(0,0) 5x3
  [1] input_pin "b" @(0,4) 5x3
  [2] output_pin "out" @(50,2) 7x3
  [5] and_gate "gate" @(40,1) 5x5
  [9] not_gate "na" @(10,0) 5x3
  [10] not_gate "nb" @(10,4) 5x3
  [11] and_gate "inner" @(20,0) 5x5
  [12] not_gate "n" @(30,1) 5x3
  [16] and_gate "inner" @(10,8) 5x5
  [17] not_gate "n" @(20,9) 5x3

Wires:
  0.out -> 9.in: (5,1) -> (9,1)
  0.out -> 16.a: (5,1) -> (6,1) -> (6,9) -> (9,9)
  1.out -> 10.in: (5,5) -> (9,5)
  1.out -> 16.b: (5,5) -> (7,5) -> (7,11) -> (9,11)
  5.out -> 2.in: (45,3) -> (49,3)
  9.out -> 11.a: (15,1) -> (19,1)
  10.out -> 11.b: (15,5) -> (16,5) -> (16,3) -> (19,3)
  11.out -> 12.in: (25,2) -> (29,2)
  12.out -> 5.a: (35,2) -> (39,2)
  16.out -> 17.in: (15,10) -> (19,10)
  17.out -> 5.b: (25,10) -> (36,10) -> (36,4) -> (39,4)

Crossings:
  wire 0.out->9.in @(6,1)
  wire 0.out->16.a @(6,1)
  wire 0.out->16.a @(6,5)
  wire 0.out->16.a @(7,9)
  wire 1.out->10.in @(6,5)
  wire 1.out->10.in @(7,5)
  wire 1.out->16.b @(6,5)
  wire 1.out->16.b @(7,5)
  wire 1.out->16.b @(7,9)
