─────╯│╰─╮     ╭────╮            ╯│╰──────────────────────out
      ╰─╯│╰▷○──╯    │───+────▷○─╯│╰   │──╯│╰───▷○─╯│╰        
         │     ╭────╯    ╭────────────╯   │        ││        
         │     │         │                │        ││        
──────╯│╰│╰╮   │         │                ╰───────╯╯│╰────out
       ╰╯│╰│○──╯╭───▷○─╯│╰                         ││        
         │ │    │       │                          ││        
         │ │    │       │                          ││        
a─────╮ ╯│╰│    │       │                          ╯│╰────out
      │ ││ │────╯       │                           │        
      │ ││╯│╰╮          │                           │        
      │ ││ │ │          │                           │        
─────╯│╯│╰╰│ │          │                           ╰─────out
      │  │││ │          │                                    
─────╯│╰╯╯╯╯│╰          ╰─────────────────────────────────out
      │  ││││                                                
b────╯│╰ ││││                                                
      ││ ││││                                                
─────╯╯│╰││││                                                
       ││││││                                                
─────╯│╰│││││                                                
      │ │││││                                                
─────╯│╰╯│╰││                                                
      │    ││                                                
─────╯│╰──╯│╰                                                
