LayoutGrid 52x21

Components:
  [0] input_pin "a" @(0,8) 6x1
  [1] input_pin "b" @(0,16) 6x1
  [2] input_pin "a" @(0,18) 6x1
  [3] input_pin "b" @(0,20) 6x1
  [4] input_pin "a" @(0,0) 6x1
  [5] input_pin "b" @(0,4) 6x1
  [6] not_gate "na" @(10,0) 5x3
  [7] not_gate "nb" @(10,4) 5x3
  [8] and_gate "inner" @(19,0) 5x3
  [9] not_gate "n" @(28,0) 5x3
  [10] output_pin "out" @(46,0) 6x1
  [11] input_pin "a" @(0,12) 6x1
  [12] input_pin "b" @(0,14) 6x1
  [13] and_gate "inner" @(10,8) 5x3
  [14] not_gate "n" @(19,4) 5x3
  [15] output_pin "out" @(46,12) 6x1
  [16] and_gate "gate" @(37,0) 5x3
  [17] output_pin "out" @(46,4) 6x1
  [18] output_pin "out" @(46,8) 6x1

Wires:
  0.out -> 2.in: (5,8) -> (6,8) -> (6,18) -> (0,18)
  1.out -> 3.in: (5,16) -> (7,16) -> (7,20) -> (0,20)
  2.out -> 4.in: (5,18) -> (8,18) -> (8,0) -> (0,0)
  2.out -> 11.in: (5,18) -> (9,18) -> (9,12) -> (0,12)
  3.out -> 5.in: (5,20) -> (10,20) -> (10,4) -> (0,4)
  3.out -> 12.in: (5,20) -> (11,20) -> (11,14) -> (0,14)
  4.out -> 6.in: (5,0) -> (6,0) -> (6,1) -> (10,1)
  5.out -> 7.in: (5,4) -> (7,4) -> (7,5) -> (10,5)
  6.out -> 8.a: (14,1) -> (15,1) -> (15,0) -> (19,0)
  7.out -> 8.b: (14,5) -> (15,5) -> (15,2) -> (19,2)
  8.out -> 9.in: (23,1) -> (24,1) -> (28,1)
  9.out -> 10.in: (32,1) -> (33,1) -> (33,0) -> (46,0)
  9.out -> 16.a: (32,1) -> (34,1) -> (34,0) -> (37,0)
  11.out -> 13.a: (5,12) -> (11,12) -> (11,8) -> (10,8)
  12.out -> 13.b: (5,14) -> (12,14) -> (12,10) -> (10,10)
  13.out -> 14.in: (14,9) -> (16,9) -> (16,5) -> (19,5)
  14.out -> 15.in: (23,5) -> (24,5) -> (24,12) -> (46,12)
  14.out -> 16.b: (23,5) -> (25,5) -> (25,2) -> (37,2)
  16.out -> 17.in: (41,1) -> (42,1) -> (42,4) -> (46,4)
  16.out -> 18.in: (41,1) -> (43,1) -> (43,8) -> (46,8)

Crossings:
  wire 0.out->2.in @(6,16)
  wire 0.out->2.in @(6,18)
  wire 0.out->2.in @(6,18)
  wire 0.out->2.in @(6,12)
  wire 0.out->2.in @(6,14)
  wire 0.out->2.in @(6,12)
  wire 0.out->2.in @(6,14)
  wire 1.out->3.in @(6,16)
  wire 1.out->3.in @(7,18)
  wire 1.out->3.in @(7,18)
  wire 1.out->3.in @(7,20)
  wire 1.out->3.in @(7,20)
  wire 2.out->4.in @(6,18)
  wire 2.out->4.in @(7,18)
  wire 2.out->4.in @(8,18)
  wire 2.out->4.in @(8,12)
  wire 2.out->4.in @(8,4)
  wire 2.out->4.in @(8,14)
  wire 2.out->4.in @(8,1)
  wire 2.out->4.in @(6,0)
  wire 2.out->4.in @(8,5)
  wire 2.out->4.in @(8,12)
  wire 2.out->4.in @(8,14)
  wire 2.out->11.in @(6,18)
  wire 2.out->11.in @(6,12)
  wire 2.out->11.in @(7,18)
  wire 2.out->11.in @(8,18)
  wire 2.out->11.in @(8,12)
  wire 2.out->11.in @(9,14)
  wire 2.out->11.in @(9,12)
  wire 2.out->11.in @(9,14)
  wire 3.out->5.in @(7,20)
  wire 3.out->5.in @(8,4)
  wire 3.out->5.in @(10,20)
  wire 3.out->5.in @(10,14)
  wire 3.out->5.in @(10,5)
  wire 3.out->5.in @(7,4)
  wire 3.out->5.in @(10,12)
  wire 3.out->5.in @(10,8)
  wire 3.out->5.in @(10,14)
  wire 3.out->5.in @(10,10)
  wire 3.out->12.in @(6,14)
  wire 3.out->12.in @(7,20)
  wire 3.out->12.in @(8,14)
  wire 3.out->12.in @(9,14)
  wire 3.out->12.in @(10,20)
  wire 3.out->12.in @(10,14)
  wire 3.out->12.in @(11,14)
  wire 4.out->6.in @(8,1)
  wire 4.out->6.in @(6,0)
  wire 5.out->7.in @(8,5)
  wire 5.out->7.in @(10,5)
  wire 5.out->7.in @(7,4)
  wire 9.out->10.in @(33,1)
  wire 9.out->10.in @(34,0)
  wire 9.out->16.a @(33,1)
  wire 9.out->16.a @(34,0)
  wire 11.out->13.a @(6,12)
  wire 11.out->13.a @(8,12)
  wire 11.out->13.a @(9,12)
  wire 11.out->13.a @(10,12)
  wire 11.out->13.a @(10,8)
  wire 11.out->13.a @(11,10)
  wire 12.out->13.b @(6,14)
  wire 12.out->13.b @(8,14)
  wire 12.out->13.b @(9,14)
  wire 12.out->13.b @(10,14)
  wire 12.out->13.b @(10,10)
  wire 12.out->13.b @(11,14)
  wire 12.out->13.b @(11,10)
  wire 14.out->15.in @(24,5)
  wire 14.out->16.b @(24,5)
  wire 16.out->17.in @(42,1)
  wire 16.out->17.in @(43,4)
  wire 16.out->18.in @(42,1)
  wire 16.out->18.in @(43,4)
