─────╯│╰╮      ╭────╮            ╯│╰─────────────out
      ╰╯│╰─▷○──╯    │───+────▷○─╯│╰   │──╯│╰        
        │      ╭────╯    ╭────────────╯   ││        
        │      │         │                ││        
──────╯│╰╰╮    │         │                ╯│╰────out
       ╯│╯│╰○──╯╭───▷○─╯│╰                 │        
        │ │     │       │                  │        
        │ │     │       │                  │        
a─────╮ │╯│╰    │       │                  ╰─────out
      │ │ ││────╯       │                           
      │ │╯╯│╰           │                           
      │ │ │││           │                           
─────╯│╯╯╯│╰│           ╰────────────────────────out
      │ │││ │                                       
─────╯│╯╯╯╯│╰                                       
      │ ││││                                        
b────╯│╰││││                                        
      ││││││                                        
─────╯╯╯│╰││                                        
       │  ││                                        
──────╯│╰╯│╰                                        
