# corpus layout invariants — every previewable fixture-mode; regenerate with UPDATE_GOLDENS=1 zig build test
# I0 body cells, I1 shared cells, I2 junctions, I3 non-tree nets, X crossings, B bends, S straight wires of W wires, C ordering crossings, size WxH
W001_unused_input opaque I0=0 I1=0 I2=0 I3=0 X=0 B=0 S=2/2 C=0 size=27x7
W002_dangling_output opaque I0=0 I1=0 I2=0 I3=0 X=0 B=0 S=1/1 C=0 size=17x3
alu_4bit opaque I0=15 I1=289 I2=118 I3=0 X=80 B=198 S=16/107 C=211 size=229x150
alu_4bit expanded I0=50 I1=960 I2=272 I3=0 X=101 B=358 S=107/277 C=450 size=319x213
alu_4bit_multibit opaque I0=0 I1=10 I2=10 I3=0 X=17 B=78 S=12/49 C=23 size=253x67
alu_4bit_multibit expanded I0=15 I1=312 I2=35 I3=0 X=30 B=126 S=45/106 C=65 size=333x107
and_2bit opaque I0=0 I1=0 I2=0 I3=0 X=0 B=4 S=4/6 C=0 size=29x15
and_3bit opaque I0=0 I1=0 I2=0 I3=0 X=0 B=6 S=6/9 C=0 size=29x23
and_4bit opaque I0=0 I1=0 I2=0 I3=0 X=0 B=8 S=8/12 C=0 size=29x31
and_4bit_truth opaque I0=0 I1=0 I2=0 I3=0 X=0 B=2 S=2/3 C=0 size=31x7
and_5bit opaque I0=0 I1=0 I2=0 I3=0 X=0 B=10 S=10/15 C=0 size=29x39
and_6bit opaque I0=0 I1=0 I2=0 I3=0 X=0 B=12 S=12/18 C=0 size=29x47
and_gate opaque I0=0 I1=0 I2=0 I3=0 X=0 B=2 S=2/3 C=0 size=27x7
and_of_not opaque I0=0 I1=0 I2=0 I3=0 X=0 B=2 S=3/4 C=0 size=37x7
and_two_inputs opaque I0=0 I1=0 I2=0 I3=0 X=0 B=2 S=2/3 C=0 size=30x7
anonymous_nested opaque I0=0 I1=0 I2=0 I3=0 X=0 B=2 S=3/4 C=0 size=40x5
bit_index_a2 opaque I0=0 I1=0 I2=0 I3=0 X=0 B=0 S=1/1 C=0 size=18x3
builtin_nand opaque I0=0 I1=0 I2=0 I3=0 X=0 B=2 S=2/3 C=0 size=32x7
builtin_nand expanded I0=0 I1=0 I2=0 I3=0 X=0 B=2 S=3/4 C=0 size=37x7
builtin_nor opaque I0=0 I1=0 I2=0 I3=0 X=0 B=2 S=2/3 C=0 size=31x7
builtin_nor expanded I0=0 I1=0 I2=0 I3=0 X=0 B=2 S=6/7 C=0 size=57x7
builtin_or opaque I0=0 I1=0 I2=0 I3=0 X=0 B=2 S=2/3 C=0 size=30x7
builtin_or expanded I0=0 I1=0 I2=0 I3=0 X=0 B=2 S=5/6 C=0 size=47x7
builtin_xnor opaque I0=0 I1=0 I2=0 I3=0 X=0 B=2 S=2/3 C=0 size=32x7
builtin_xnor expanded I0=0 I1=0 I2=0 I3=0 X=1 B=8 S=8/12 C=1 size=67x13
builtin_xor opaque I0=0 I1=0 I2=0 I3=0 X=0 B=2 S=2/3 C=0 size=31x7
builtin_xor expanded I0=0 I1=0 I2=0 I3=0 X=1 B=8 S=7/11 C=1 size=57x13
chain opaque I0=0 I1=0 I2=0 I3=0 X=0 B=0 S=4/4 C=0 size=47x3
clean_gated_feedback opaque I0=0 I1=0 I2=0 I3=0 X=0 B=4 S=1/2 C=0 size=23x4
clean_ram_feedback opaque I0=0 I1=0 I2=0 I3=0 X=0 B=2 S=3/4 C=0 size=43x11
clean_warning opaque I0=0 I1=0 I2=0 I3=0 X=0 B=0 S=2/2 C=0 size=25x3
concat_four_bits opaque I0=0 I1=0 I2=0 I3=0 X=0 B=0 S=1/1 C=0 size=18x15
demux_1to2 opaque I0=0 I1=0 I2=1 I3=0 X=1 B=6 S=4/7 C=1 size=41x13
demux_2bit_1to2 opaque I0=0 I1=1 I2=2 I3=0 X=2 B=18 S=4/13 C=4 size=42x19
demux_3bit_1to2 opaque I0=5 I1=6 I2=10 I3=0 X=4 B=28 S=6/19 C=11 size=42x31
demux_4bit_1to2 opaque I0=10 I1=6 I2=17 I3=0 X=9 B=38 S=7/25 C=16 size=42x39
edge_deep_anonymous opaque I0=0 I1=0 I2=0 I3=0 X=0 B=0 S=6/6 C=0 size=67x3
edge_empty_circuit opaque I0=0 I1=0 I2=0 I3=0 X=0 B=0 S=1/1 C=0 size=17x3
edge_single_builtin opaque I0=0 I1=0 I2=0 I3=0 X=0 B=2 S=2/3 C=0 size=31x7
edge_single_builtin expanded I0=0 I1=0 I2=0 I3=0 X=1 B=8 S=7/11 C=1 size=57x13
edge_single_component opaque I0=0 I1=0 I2=0 I3=0 X=0 B=4 S=1/2 C=0 size=24x7
edge_wide_fanin opaque I0=0 I1=0 I2=0 I3=0 X=0 B=14 S=8/15 C=0 size=88x31
edge_wide_fanout opaque I0=0 I1=0 I2=0 I3=0 X=0 B=38 S=2/21 C=0 size=27x79
eight_bit_adder opaque I0=0 I1=173 I2=75 I3=0 X=49 B=132 S=17/83 C=78 size=283x124
eight_bit_adder expanded I0=50 I1=220 I2=112 I3=0 X=57 B=264 S=94/224 C=124 size=339x178
empty_ish opaque I0=0 I1=0 I2=0 I3=0 X=0 B=0 S=1/1 C=0 size=17x3
fan_in opaque I0=0 I1=0 I2=0 I3=0 X=0 B=2 S=2/3 C=0 size=25x7
fan_out opaque I0=0 I1=0 I2=0 I3=0 X=0 B=4 S=4/6 C=0 size=26x11
five_bit_adder opaque I0=0 I1=99 I2=34 I3=0 X=22 B=78 S=11/50 C=39 size=178x86
five_bit_adder expanded I0=20 I1=162 I2=59 I3=0 X=36 B=156 S=58/134 C=67 size=219x118
four_bit_adder opaque I0=0 I1=23 I2=22 I3=0 X=19 B=62 S=8/39 C=27 size=143x62
four_bit_adder expanded I0=10 I1=107 I2=47 I3=0 X=23 B=122 S=45/104 C=50 size=179x98
full_adder_from_builtins opaque I0=0 I1=0 I2=3 I3=0 X=2 B=16 S=5/12 C=2 size=64x18
full_adder_from_builtins expanded I0=0 I1=12 I2=8 I3=0 X=5 B=34 S=15/31 C=13 size=100x42
half_adder opaque I0=0 I1=0 I2=0 I3=0 X=1 B=6 S=3/6 C=1 size=32x11
half_adder expanded I0=0 I1=0 I2=1 I3=0 X=1 B=14 S=7/14 C=3 size=58x19
inverter opaque I0=0 I1=0 I2=0 I3=0 X=0 B=0 S=2/2 C=0 size=27x3
keyword_instance_name opaque I0=0 I1=0 I2=0 I3=0 X=0 B=0 S=2/2 C=0 size=27x3
led_4bit_default opaque I0=0 I1=0 I2=0 I3=0 X=0 B=0 S=1/1 C=0 size=20x3
led_7bit_default opaque I0=0 I1=0 I2=0 I3=0 X=0 B=0 S=1/1 C=0 size=21x3
led_8bit_default opaque I0=0 I1=0 I2=0 I3=0 X=0 B=0 S=1/1 C=0 size=21x3
mixed_width_preview opaque I0=0 I1=0 I2=0 I3=0 X=0 B=0 S=3/3 C=0 size=44x7
multi_led opaque I0=0 I1=0 I2=0 I3=0 X=0 B=0 S=3/3 C=0 size=16x11
multi_output opaque I0=0 I1=0 I2=0 I3=0 X=0 B=4 S=2/4 C=0 size=28x8
multibit_and_full opaque I0=0 I1=0 I2=0 I3=0 X=0 B=2 S=2/3 C=0 size=31x7
multibit_and_preview opaque I0=0 I1=0 I2=0 I3=0 X=0 B=2 S=2/3 C=0 size=36x7
multibit_input opaque I0=0 I1=0 I2=0 I3=0 X=0 B=0 S=0/0 C=0 size=8x7
multibit_input_preview opaque I0=0 I1=0 I2=0 I3=0 X=0 B=0 S=2/2 C=0 size=33x3
multibit_led_full opaque I0=0 I1=0 I2=0 I3=0 X=0 B=0 S=1/1 C=0 size=20x3
multibit_not_full opaque I0=0 I1=0 I2=0 I3=0 X=0 B=0 S=2/2 C=0 size=31x3
multibit_output_preview opaque I0=0 I1=0 I2=0 I3=0 X=0 B=0 S=2/2 C=0 size=31x3
multibit_wire_full opaque I0=0 I1=0 I2=0 I3=0 X=0 B=0 S=1/1 C=0 size=21x3
mux_2bit_2to1 opaque I0=0 I1=3 I2=5 I3=0 X=10 B=20 S=6/15 C=4 size=58x28
mux_2bit_2to1 expanded I0=0 I1=3 I2=5 I3=0 X=10 B=22 S=10/21 C=4 size=70x33
mux_2to1 opaque I0=0 I1=0 I2=1 I3=0 X=1 B=8 S=4/8 C=1 size=57x15
mux_2to1 expanded I0=0 I1=0 I2=1 I3=0 X=1 B=8 S=7/11 C=1 size=69x15
mux_3bit_2to1 opaque I0=0 I1=6 I2=16 I3=0 X=14 B=32 S=8/22 C=9 size=58x40
mux_3bit_2to1 expanded I0=0 I1=19 I2=21 I3=0 X=13 B=34 S=14/31 C=9 size=70x47
mux_4bit_2to1 opaque I0=0 I1=15 I2=29 I3=0 X=23 B=42 S=10/29 C=16 size=58x60
mux_4bit_2to1 expanded I0=0 I1=43 I2=34 I3=0 X=21 B=46 S=18/41 C=16 size=70x69
mux_5bit_2to1 opaque I0=5 I1=57 I2=43 I3=0 X=19 B=54 S=12/36 C=25 size=58x72
mux_5bit_2to1 expanded I0=5 I1=61 I2=42 I3=0 X=19 B=58 S=22/51 C=25 size=70x83
nand_2bit opaque I0=0 I1=0 I2=0 I3=0 X=0 B=4 S=4/6 C=0 size=37x15
nand_2bit expanded I0=0 I1=0 I2=0 I3=0 X=0 B=4 S=6/8 C=0 size=39x15
nand_3bit opaque I0=0 I1=0 I2=0 I3=0 X=0 B=6 S=6/9 C=0 size=37x23
nand_3bit expanded I0=0 I1=0 I2=0 I3=0 X=0 B=6 S=9/12 C=0 size=39x23
nand_4bit opaque I0=0 I1=0 I2=0 I3=0 X=0 B=8 S=8/12 C=0 size=37x31
nand_4bit expanded I0=0 I1=0 I2=0 I3=0 X=0 B=8 S=12/16 C=0 size=39x31
nand_4bit_macro opaque I0=0 I1=0 I2=0 I3=0 X=0 B=2 S=2/3 C=0 size=38x7
nand_4bit_macro expanded I0=0 I1=0 I2=0 I3=0 X=0 B=2 S=3/4 C=0 size=43x7
nor_2bit opaque I0=0 I1=0 I2=0 I3=0 X=0 B=4 S=4/6 C=0 size=36x15
nor_2bit expanded I0=0 I1=0 I2=0 I3=0 X=0 B=4 S=12/14 C=0 size=59x15
nor_3bit opaque I0=0 I1=0 I2=0 I3=0 X=0 B=6 S=6/9 C=0 size=36x23
nor_3bit expanded I0=0 I1=0 I2=0 I3=0 X=0 B=6 S=18/21 C=0 size=59x23
nor_4bit opaque I0=0 I1=0 I2=0 I3=0 X=0 B=8 S=8/12 C=0 size=36x31
nor_4bit expanded I0=0 I1=0 I2=0 I3=0 X=0 B=8 S=24/28 C=0 size=59x31
nor_8bit_macro opaque I0=0 I1=0 I2=0 I3=0 X=0 B=2 S=2/3 C=0 size=37x7
nor_8bit_macro expanded I0=0 I1=0 I2=0 I3=0 X=0 B=2 S=6/7 C=0 size=63x7
not_2bit opaque I0=0 I1=0 I2=0 I3=0 X=0 B=0 S=4/4 C=0 size=29x7
not_3bit opaque I0=0 I1=0 I2=0 I3=0 X=0 B=0 S=6/6 C=0 size=29x11
not_4bit opaque I0=0 I1=0 I2=0 I3=0 X=0 B=0 S=8/8 C=0 size=29x15
or_2bit opaque I0=0 I1=0 I2=0 I3=0 X=0 B=4 S=4/6 C=0 size=35x15
or_2bit expanded I0=0 I1=0 I2=0 I3=0 X=0 B=4 S=10/12 C=0 size=49x15
or_3bit opaque I0=0 I1=0 I2=0 I3=0 X=0 B=6 S=6/9 C=0 size=35x23
or_3bit expanded I0=0 I1=0 I2=0 I3=0 X=0 B=6 S=15/18 C=0 size=49x23
or_4bit opaque I0=0 I1=0 I2=0 I3=0 X=0 B=8 S=8/12 C=0 size=35x31
or_4bit expanded I0=0 I1=0 I2=0 I3=0 X=0 B=8 S=20/24 C=0 size=49x31
or_4bit_macro opaque I0=0 I1=0 I2=0 I3=0 X=0 B=2 S=2/3 C=0 size=36x7
or_4bit_macro expanded I0=0 I1=0 I2=0 I3=0 X=0 B=2 S=5/6 C=0 size=53x7
parallel_leftward_detours opaque I0=0 I1=0 I2=0 I3=0 X=0 B=8 S=2/4 C=0 size=24x8
param_callsite_ident opaque I0=0 I1=0 I2=0 I3=0 X=0 B=0 S=0/0 C=0 size=0x0
param_input_multi opaque I0=0 I1=0 I2=0 I3=0 X=0 B=0 S=0/0 C=0 size=0x0
param_input_single opaque I0=0 I1=0 I2=0 I3=0 X=0 B=0 S=0/0 C=0 size=0x0
param_whitespace opaque I0=0 I1=0 I2=0 I3=0 X=0 B=0 S=0/0 C=0 size=0x0
ram_basic opaque I0=0 I1=2 I2=4 I3=0 X=0 B=6 S=2/5 C=0 size=43x15
ram_write_read opaque I0=0 I1=2 I2=4 I3=0 X=0 B=6 S=2/5 C=0 size=43x15
recovery_busvalue_eof opaque I0=0 I1=0 I2=0 I3=0 X=0 B=0 S=0/0 C=0 size=5x3
recovery_busvalue_newline opaque I0=0 I1=0 I2=0 I3=0 X=0 B=0 S=0/0 C=0 size=5x3
recovery_connection_line opaque I0=0 I1=0 I2=0 I3=0 X=0 B=0 S=0/0 C=0 size=5x7
recovery_empty_ports opaque I0=0 I1=0 I2=0 I3=0 X=0 B=0 S=0/0 C=0 size=5x3
recovery_junk_line opaque I0=0 I1=0 I2=0 I3=0 X=0 B=2 S=2/3 C=0 size=25x5
recovery_multibyte_columns opaque I0=0 I1=0 I2=0 I3=0 X=0 B=0 S=1/1 C=0 size=15x3
recovery_width_overflow opaque I0=0 I1=0 I2=0 I3=0 X=0 B=0 S=0/0 C=0 size=10x3
regression_led_out_drives_gate opaque I0=0 I1=0 I2=0 I3=0 X=1 B=6 S=2/4 C=0 size=34x9
rom_basic opaque I0=0 I1=0 I2=0 I3=0 X=0 B=0 S=2/2 C=0 size=46x3
rom_lookup opaque I0=0 I1=0 I2=0 I3=0 X=0 B=0 S=2/2 C=0 size=46x3
rom_lookup_8bit opaque I0=0 I1=0 I2=0 I3=0 X=0 B=0 S=2/2 C=0 size=46x3
sim_ram_write_read opaque I0=0 I1=2 I2=4 I3=0 X=0 B=6 S=2/5 C=0 size=43x15
sim_rom_pc_walk opaque I0=0 I1=0 I2=0 I3=0 X=0 B=0 S=2/2 C=0 size=48x3
single_gate opaque I0=0 I1=0 I2=0 I3=0 X=0 B=0 S=2/2 C=0 size=27x3
six_bit_adder opaque I0=0 I1=119 I2=47 I3=0 X=29 B=96 S=13/61 C=52 size=213x100
six_bit_adder expanded I0=30 I1=178 I2=77 I3=0 X=42 B=192 S=70/164 C=86 size=259x138
slice_basic opaque I0=0 I1=0 I2=0 I3=0 X=0 B=0 S=1/1 C=0 size=21x3
slice_high_bits opaque I0=0 I1=0 I2=0 I3=0 X=0 B=0 S=1/1 C=0 size=21x3
slice_then_concat opaque I0=0 I1=0 I2=0 I3=0 X=0 B=0 S=1/1 C=0 size=21x3
stress_chain_100 opaque I0=0 I1=0 I2=0 I3=0 X=0 B=0 S=101/101 C=0 size=1017x3
stress_grid_10x10 opaque I0=0 I1=385 I2=244 I3=0 X=1 B=396 S=3/201 C=4608 size=28x599
three_bit_adder opaque I0=0 I1=18 I2=16 I3=0 X=8 B=42 S=7/28 C=14 size=108x46
three_bit_adder expanded I0=10 I1=74 I2=30 I3=0 X=9 B=80 S=35/74 C=29 size=139x66
two_bit_adder opaque I0=0 I1=5 I2=7 I3=0 X=4 B=22 S=6/17 C=11 size=73x24
two_bit_adder expanded I0=10 I1=53 I2=29 I3=0 X=5 B=56 S=16/44 C=13 size=99x47
unused_input opaque I0=0 I1=0 I2=0 I3=0 X=0 B=0 S=1/1 C=0 size=22x7
width_default opaque I0=0 I1=0 I2=0 I3=0 X=0 B=2 S=2/3 C=0 size=25x7
width_edges opaque I0=0 I1=0 I2=0 I3=0 X=0 B=0 S=0/0 C=0 size=9x7
wire_passthrough opaque I0=0 I1=0 I2=0 I3=0 X=0 B=0 S=1/1 C=0 size=17x3
xnor_2bit opaque I0=0 I1=0 I2=0 I3=0 X=0 B=4 S=4/6 C=0 size=37x15
xnor_2bit expanded I0=0 I1=7 I2=8 I3=0 X=1 B=20 S=14/24 C=2 size=69x27
xnor_3bit opaque I0=0 I1=0 I2=0 I3=0 X=0 B=6 S=6/9 C=0 size=37x23
xnor_3bit expanded I0=0 I1=15 I2=14 I3=0 X=1 B=32 S=20/36 C=3 size=69x41
xnor_4bit opaque I0=0 I1=0 I2=0 I3=0 X=0 B=8 S=8/12 C=0 size=37x31
xnor_4bit expanded I0=0 I1=25 I2=18 I3=0 X=1 B=44 S=26/48 C=4 size=69x55
xnor_4bit_macro opaque I0=0 I1=0 I2=0 I3=0 X=0 B=2 S=2/3 C=0 size=38x7
xnor_4bit_macro expanded I0=0 I1=0 I2=0 I3=0 X=1 B=8 S=8/12 C=1 size=73x13
xor_2bit opaque I0=0 I1=0 I2=0 I3=0 X=0 B=4 S=4/6 C=0 size=36x15
xor_2bit expanded I0=0 I1=7 I2=8 I3=0 X=1 B=20 S=12/22 C=2 size=59x27
xor_3bit opaque I0=0 I1=0 I2=0 I3=0 X=0 B=6 S=6/9 C=0 size=36x23
xor_3bit expanded I0=0 I1=15 I2=14 I3=0 X=1 B=32 S=17/33 C=3 size=59x41
xor_4bit opaque I0=0 I1=0 I2=0 I3=0 X=0 B=8 S=8/12 C=0 size=36x31
xor_4bit expanded I0=0 I1=25 I2=18 I3=0 X=1 B=44 S=22/44 C=4 size=59x55
xor_5bit opaque I0=0 I1=0 I2=0 I3=0 X=0 B=10 S=10/15 C=0 size=36x39
xor_5bit expanded I0=0 I1=35 I2=22 I3=0 X=1 B=56 S=27/55 C=5 size=59x69
xor_8bit_macro opaque I0=0 I1=0 I2=0 I3=0 X=0 B=2 S=2/3 C=0 size=37x7
xor_8bit_macro expanded I0=0 I1=0 I2=0 I3=0 X=1 B=8 S=7/11 C=1 size=63x13
project-W002_dangling_subcircuit_output opaque I0=0 I1=0 I2=0 I3=0 X=0 B=0 S=2/2 C=0 size=32x3
project-W002_dangling_subcircuit_output expanded I0=0 I1=0 I2=0 I3=0 X=0 B=0 S=2/2 C=0 size=25x3
project-W003_unused_import opaque I0=0 I1=0 I2=0 I3=0 X=0 B=0 S=2/2 C=0 size=27x3
project-and_or_network opaque I0=0 I1=0 I2=0 I3=0 X=0 B=14 S=8/15 C=0 size=69x31
project-and_or_network expanded I0=0 I1=0 I2=0 I3=0 X=0 B=14 S=17/24 C=0 size=88x31
project-and_pair opaque I0=0 I1=0 I2=0 I3=0 X=0 B=6 S=4/7 C=0 size=49x15
project-and_pair expanded I0=0 I1=0 I2=0 I3=0 X=0 B=6 S=4/7 C=0 size=37x15
project-clean_two_file opaque I0=0 I1=0 I2=0 I3=0 X=0 B=0 S=2/2 C=0 size=34x3
project-clean_two_file expanded I0=0 I1=0 I2=0 I3=0 X=0 B=0 S=1/1 C=0 size=17x3
project-deep_chain opaque I0=0 I1=0 I2=0 I3=0 X=0 B=0 S=2/2 C=0 size=31x3
project-deep_chain expanded I0=0 I1=0 I2=0 I3=0 X=0 B=0 S=1/1 C=0 size=17x3
project-deep_subcircuit_chain opaque I0=0 I1=0 I2=0 I3=0 X=0 B=0 S=2/2 C=0 size=32x3
project-deep_subcircuit_chain expanded I0=0 I1=0 I2=0 I3=0 X=0 B=0 S=1/1 C=0 size=17x3
project-diamond opaque I0=0 I1=0 I2=0 I3=0 X=0 B=4 S=3/5 C=0 size=43x7
project-diamond expanded I0=0 I1=0 I2=0 I3=0 X=0 B=2 S=2/3 C=0 size=27x5
project-distinct_bindings opaque I0=0 I1=0 I2=0 I3=0 X=0 B=0 S=4/4 C=0 size=49x7
project-distinct_bindings expanded I0=0 I1=0 I2=0 I3=0 X=0 B=0 S=4/4 C=0 size=35x7
project-full_adder opaque I0=0 I1=0 I2=0 I3=0 X=0 B=10 S=3/8 C=0 size=85x11
project-full_adder expanded I0=0 I1=12 I2=8 I3=0 X=5 B=34 S=15/31 C=13 size=100x42
project-full_adder_ha_or opaque I0=0 I1=0 I2=0 I3=0 X=1 B=12 S=4/10 C=1 size=82x15
project-full_adder_ha_or expanded I0=0 I1=12 I2=8 I3=0 X=5 B=34 S=15/31 C=13 size=100x42
project-half_adder opaque I0=0 I1=0 I2=0 I3=0 X=0 B=4 S=2/4 C=0 size=41x8
project-half_adder expanded I0=0 I1=0 I2=1 I3=0 X=1 B=14 S=7/14 C=3 size=59x19
project-memory_parametric opaque I0=0 I1=9 I2=4 I3=0 X=0 B=6 S=2/5 C=0 size=43x15
project-memory_parametric expanded I0=0 I1=2 I2=4 I3=0 X=0 B=6 S=2/5 C=0 size=40x15
project-multi_param_distinct opaque I0=0 I1=5 I2=2 I3=0 X=0 B=8 S=4/8 C=0 size=46x15
project-multi_param_distinct expanded I0=0 I1=0 I2=0 I3=0 X=0 B=0 S=8/8 C=0 size=37x15
project-multi_param_shared opaque I0=0 I1=5 I2=2 I3=0 X=0 B=8 S=4/8 C=0 size=46x15
project-multi_param_shared expanded I0=0 I1=0 I2=0 I3=0 X=0 B=0 S=8/8 C=0 size=37x15
project-multibit_import opaque I0=0 I1=0 I2=0 I3=0 X=0 B=2 S=2/3 C=0 size=43x7
project-multibit_import expanded I0=0 I1=0 I2=0 I3=0 X=0 B=2 S=2/3 C=0 size=31x7
project-nested_invert opaque I0=0 I1=0 I2=0 I3=0 X=0 B=0 S=2/2 C=0 size=41x3
project-nested_invert expanded I0=0 I1=0 I2=0 I3=0 X=0 B=0 S=3/3 C=0 size=37x3
project-parametric_default opaque I0=0 I1=0 I2=0 I3=0 X=0 B=0 S=2/2 C=0 size=37x3
project-parametric_default expanded I0=0 I1=0 I2=0 I3=0 X=0 B=0 S=2/2 C=0 size=25x3
project-parametric_multi opaque I0=0 I1=3 I2=1 I3=0 X=0 B=4 S=2/4 C=0 size=40x7
project-parametric_multi expanded I0=0 I1=0 I2=0 I3=0 X=0 B=0 S=4/4 C=0 size=33x7
project-parametric_multi_3 opaque I0=0 I1=0 I2=1 I3=0 X=0 B=8 S=2/6 C=0 size=41x13
project-parametric_multi_3 expanded I0=0 I1=0 I2=0 I3=0 X=0 B=0 S=6/6 C=0 size=31x11
project-parametric_multi_default opaque I0=0 I1=3 I2=1 I3=0 X=0 B=4 S=2/4 C=0 size=34x7
project-parametric_multi_default expanded I0=0 I1=0 I2=0 I3=0 X=0 B=0 S=4/4 C=0 size=27x7
project-parametric_ordering opaque I0=0 I1=3 I2=1 I3=0 X=0 B=4 S=2/4 C=0 size=41x7
project-parametric_ordering expanded I0=0 I1=0 I2=0 I3=0 X=0 B=0 S=4/4 C=0 size=34x7
project-parametric_w1 opaque I0=0 I1=0 I2=0 I3=0 X=0 B=0 S=2/2 C=0 size=37x3
project-parametric_w1 expanded I0=0 I1=0 I2=0 I3=0 X=0 B=0 S=2/2 C=0 size=25x3
project-parametric_w4 opaque I0=0 I1=0 I2=0 I3=0 X=0 B=0 S=2/2 C=0 size=43x3
project-parametric_w4 expanded I0=0 I1=0 I2=0 I3=0 X=0 B=0 S=2/2 C=0 size=31x3
project-parametric_w8 opaque I0=0 I1=0 I2=0 I3=0 X=0 B=0 S=2/2 C=0 size=43x3
project-parametric_w8 expanded I0=0 I1=0 I2=0 I3=0 X=0 B=0 S=2/2 C=0 size=31x3
project-passthrough_chain opaque I0=0 I1=0 I2=0 I3=0 X=0 B=0 S=2/2 C=0 size=32x3
project-passthrough_chain expanded I0=0 I1=0 I2=0 I3=0 X=0 B=0 S=1/1 C=0 size=17x3
project-primitive_preserve opaque I0=0 I1=0 I2=0 I3=0 X=0 B=2 S=2/3 C=0 size=27x5
project-same_name_half_adder opaque I0=0 I1=0 I2=0 I3=0 X=0 B=2 S=4/5 C=0 size=45x7
project-same_name_half_adder expanded I0=0 I1=0 I2=0 I3=0 X=0 B=2 S=3/4 C=0 size=37x7
project-shared_spec opaque I0=0 I1=0 I2=0 I3=0 X=0 B=0 S=4/4 C=0 size=49x7
project-shared_spec expanded I0=0 I1=0 I2=0 I3=0 X=0 B=0 S=4/4 C=0 size=35x7
project-stress_deep_subcircuit opaque I0=0 I1=0 I2=0 I3=0 X=0 B=0 S=2/2 C=0 size=34x3
project-stress_deep_subcircuit expanded I0=0 I1=0 I2=0 I3=0 X=0 B=0 S=257/257 C=0 size=2577x3
project-two_file opaque I0=0 I1=0 I2=0 I3=0 X=0 B=0 S=2/2 C=0 size=34x3
project-two_file expanded I0=0 I1=0 I2=0 I3=0 X=0 B=0 S=1/1 C=0 size=17x3
# totals: fixture-modes=223 skipped=66 I0=235 I1=3608 I2=1620 I3=0 X=713 B=3792 S=1912/3759 C=6166
